   Compiling libc v0.2.189
   Compiling proc-macro2 v1.0.107
   Compiling unicode-ident v1.0.24
   Compiling quote v1.0.47
   Compiling glob v0.3.4
   Compiling clang-sys v1.9.1
   Compiling cfg-if v1.0.4
   Compiling crossbeam-utils v0.8.23
   Compiling syn v2.0.119
   Compiling syn v3.0.5
   Compiling memchr v2.8.3
   Compiling minimal-lexical v0.2.1
   Compiling regex-syntax v0.8.11
   Compiling nom v7.1.3
   Compiling regex-automata v0.4.18
   Compiling errno v0.3.14
   Compiling libloading v0.8.9
   Compiling either v1.18.0
   Compiling bindgen v0.72.1
   Compiling regex v1.13.1
   Compiling itertools v0.13.0
   Compiling cexpr v0.6.0
   Compiling jobserver v0.1.35
   Compiling serde_core v1.0.229
   Compiling shlex v2.0.1
   Compiling find-msvc-tools v0.1.12
   Compiling getrandom v0.4.3
   Compiling rustix v1.1.4
   Compiling crossbeam-epoch v0.9.21
   Compiling shlex v1.3.0
   Compiling rustc-hash v2.1.3
   Compiling scopeguard v1.2.0
   Compiling bitflags v2.13.2
   Compiling lock_api v0.4.14
   Compiling cc v1.4.5
   Compiling rustflags v0.1.7
   Compiling once_cell v1.21.4
   Compiling utf8parse v0.2.2
   Compiling parking_lot_core v0.9.12
   Compiling anstyle-parse v1.0.0
   Compiling xxhash-rust v0.8.18
   Compiling compare v0.0.6
   Compiling is_terminal_polyfill v1.70.2
   Compiling byteorder-lite v0.1.0
   Compiling hashbrown v0.16.1
   Compiling smallvec v1.16.0
   Compiling anstyle-query v1.1.5
   Compiling log v0.4.34
   Compiling fastrand v2.5.0
   Compiling librocksdb-sys v0.19.0+11.8.1
   Compiling crc32fast v1.5.1
   Compiling equivalent v1.0.2
   Compiling zmij v1.0.23
   Compiling anyhow v1.0.104
   Compiling anstyle v1.0.14
   Compiling serde v1.0.229
   Compiling colorchoice v1.0.5
   Compiling anstream v1.0.0
   Compiling quick_cache v0.6.24
   Compiling tempfile v3.27.0
   Compiling sfa v1.0.0
   Compiling interval-heap v0.0.5
   Compiling enum_dispatch v0.3.13
   Compiling crossbeam-skiplist v0.1.3
   Compiling spin v0.9.9
   Compiling serde_derive v1.0.229
   Compiling byteview v0.10.2
   Compiling varint-rs v2.2.1
   Compiling self_cell v1.3.0
   Compiling hashbrown v0.14.5
   Compiling clap_lex v1.1.0
   Compiling serde_json v1.0.151
   Compiling redb v4.2.0
   Compiling strsim v0.11.1
   Compiling heck v0.5.0
   Compiling clap_derive v4.6.4
   Compiling clap_builder v4.6.6
   Compiling dashmap v6.2.1
   Compiling lsm-tree v3.1.10
   Compiling flume v0.12.0
   Compiling itoa v1.0.18
   Compiling fjall v3.1.10
   Compiling poc-common v0.1.0 (/Users/danielgerlag/dev/light-stream/poc/common)
   Compiling clap v4.6.6
   Compiling tokio-macros v2.7.2
   Compiling signal-hook-registry v1.4.8
   Compiling fs2 v0.4.3
   Compiling socket2 v0.6.5
   Compiling mio v1.2.3
   Compiling bytes v1.12.1
   Compiling pin-project-lite v0.2.17
   Compiling tokio v1.53.1
   Compiling rocksdb v0.25.0
   Compiling poc-storage v0.1.0 (/Users/danielgerlag/dev/light-stream/poc/storage)
   Compiling stream-poc v0.1.0 (/Users/danielgerlag/dev/light-stream/poc/runner)
    Finished `release` profile [optimized + debuginfo] target(s) in 3m 01s
